Initialized native services in: C:\Users\sreec\.gradle\native
Initialized jansi services in: C:\Users\sreec\.gradle\native
Received JVM installation metadata from 'C:\Program Files\Java\jdk-20': {JAVA_HOME=C:\Program Files\Java\jdk-20, JAVA_VERSION=20.0.2, JAVA_VENDOR=Oracle Corporation, RUNTIME_NAME=Java(TM) SE Runtime Environment, RUNTIME_VERSION=20.0.2+9-78, VM_NAME=Java HotSpot(TM) 64-Bit Server VM, VM_VERSION=20.0.2+9-78, VM_VENDOR=Oracle Corporation, OS_ARCH=amd64}
The client will now receive all logging from the daemon (pid: 32788). The daemon log file: C:\Users\sreec\.gradle\daemon\8.9\daemon-32788.out.log
Starting 38th build in daemon [uptime: 20 mins 46.145 secs, performance: 100%, GC rate: 0.00/s, heap usage: 2% of 512 MiB, non-heap usage: 27% of 384 MiB]
Using 16 worker leases.
Now considering [C:\Users\sreec\SafeSide] as hierarchies to watch
Watching the file system is configured to be enabled if available
File system watching is active
Starting Build
Settings evaluated using settings file 'C:\Users\sreec\SafeSide\settings.gradle'.
Projects loaded. Root project using build file 'C:\Users\sreec\SafeSide\build.gradle'.
Included projects: [root project 'SafeSide']

> Configure project :
Evaluating root project 'SafeSide' using build file 'C:\Users\sreec\SafeSide\build.gradle'.
Transforming spring-boot-gradle-plugin-2.5.4.jar (org.springframework.boot:spring-boot-gradle-plugin:2.5.4) with InstrumentationAnalysisTransform
Transforming dependency-management-plugin-1.0.11.RELEASE.jar (io.spring.gradle:dependency-management-plugin:1.0.11.RELEASE) with InstrumentationAnalysisTransform
Transforming protobuf-gradle-plugin-0.8.13.jar (gradle.plugin.com.google.protobuf:protobuf-gradle-plugin:0.8.13) with InstrumentationAnalysisTransform
Transforming spring-boot-buildpack-platform-2.5.4.jar (org.springframework.boot:spring-boot-buildpack-platform:2.5.4) with InstrumentationAnalysisTransform
Transforming spring-boot-loader-tools-2.5.4.jar (org.springframework.boot:spring-boot-loader-tools:2.5.4) with InstrumentationAnalysisTransform
Transforming commons-compress-1.20.jar (org.apache.commons:commons-compress:1.20) with InstrumentationAnalysisTransform
Transforming spring-core-5.3.9.jar (org.springframework:spring-core:5.3.9) with InstrumentationAnalysisTransform
Transforming guava-27.0.1-jre.jar (com.google.guava:guava:27.0.1-jre) with InstrumentationAnalysisTransform
Transforming osdetector-gradle-plugin-1.6.2.jar (com.google.gradle:osdetector-gradle-plugin:1.6.2) with InstrumentationAnalysisTransform
Transforming commons-lang-2.6.jar (commons-lang:commons-lang:2.6) with InstrumentationAnalysisTransform
Transforming jackson-annotations-2.12.4.jar (com.fasterxml.jackson.core:jackson-annotations:2.12.4) with InstrumentationAnalysisTransform
Transforming jackson-core-2.12.4.jar (com.fasterxml.jackson.core:jackson-core:2.12.4) with InstrumentationAnalysisTransform
Transforming jackson-module-parameter-names-2.12.4.jar (com.fasterxml.jackson.module:jackson-module-parameter-names:2.12.4) with InstrumentationAnalysisTransform
Transforming jackson-databind-2.12.4.jar (com.fasterxml.jackson.core:jackson-databind:2.12.4) with InstrumentationAnalysisTransform
Transforming jna-platform-5.7.0.jar (net.java.dev.jna:jna-platform:5.7.0) with InstrumentationAnalysisTransform
Transforming httpclient-4.5.13.jar (org.apache.httpcomponents:httpclient:4.5.13) with InstrumentationAnalysisTransform
Transforming tomlj-1.0.0.jar (org.tomlj:tomlj:1.0.0) with InstrumentationAnalysisTransform
Transforming spring-jcl-5.3.9.jar (org.springframework:spring-jcl:5.3.9) with InstrumentationAnalysisTransform
Transforming failureaccess-1.0.1.jar (com.google.guava:failureaccess:1.0.1) with InstrumentationAnalysisTransform
Transforming listenablefuture-9999.0-empty-to-avoid-conflict-with-guava.jar (com.google.guava:listenablefuture:9999.0-empty-to-avoid-conflict-with-guava) with InstrumentationAnalysisTransform
Transforming os-maven-plugin-1.6.2.jar (kr.motd.maven:os-maven-plugin:1.6.2) with InstrumentationAnalysisTransform
Transforming jsr305-3.0.2.jar (com.google.code.findbugs:jsr305:3.0.2) with InstrumentationAnalysisTransform
Transforming checker-qual-2.5.2.jar (org.checkerframework:checker-qual:2.5.2) with InstrumentationAnalysisTransform
Transforming error_prone_annotations-2.2.0.jar (com.google.errorprone:error_prone_annotations:2.2.0) with InstrumentationAnalysisTransform
Transforming j2objc-annotations-1.1.jar (com.google.j2objc:j2objc-annotations:1.1) with InstrumentationAnalysisTransform
Transforming animal-sniffer-annotations-1.17.jar (org.codehaus.mojo:animal-sniffer-annotations:1.17) with InstrumentationAnalysisTransform
Transforming jna-5.7.0.jar (net.java.dev.jna:jna:5.7.0) with InstrumentationAnalysisTransform
Transforming httpcore-4.4.13.jar (org.apache.httpcomponents:httpcore:4.4.13) with InstrumentationAnalysisTransform
Transforming commons-logging-1.2.jar (commons-logging:commons-logging:1.2) with InstrumentationAnalysisTransform
Transforming commons-codec-1.11.jar (commons-codec:commons-codec:1.11) with InstrumentationAnalysisTransform
Transforming antlr4-runtime-4.7.2.jar (org.antlr:antlr4-runtime:4.7.2) with InstrumentationAnalysisTransform
Transforming spring-boot-gradle-plugin-2.5.4.jar (org.springframework.boot:spring-boot-gradle-plugin:2.5.4) with InstrumentationAnalysisTransform
Transforming spring-boot-gradle-plugin-2.5.4.jar (org.springframework.boot:spring-boot-gradle-plugin:2.5.4) with MergeInstrumentationAnalysisTransform
Transforming dependency-management-plugin-1.0.11.RELEASE.jar (io.spring.gradle:dependency-management-plugin:1.0.11.RELEASE) with InstrumentationAnalysisTransform
Transforming dependency-management-plugin-1.0.11.RELEASE.jar (io.spring.gradle:dependency-management-plugin:1.0.11.RELEASE) with MergeInstrumentationAnalysisTransform
Transforming protobuf-gradle-plugin-0.8.13.jar (gradle.plugin.com.google.protobuf:protobuf-gradle-plugin:0.8.13) with InstrumentationAnalysisTransform
Transforming protobuf-gradle-plugin-0.8.13.jar (gradle.plugin.com.google.protobuf:protobuf-gradle-plugin:0.8.13) with MergeInstrumentationAnalysisTransform
Transforming spring-boot-gradle-plugin-2.5.4.jar (org.springframework.boot:spring-boot-gradle-plugin:2.5.4) with ExternalDependencyInstrumentingArtifactTransform
Transforming spring-boot-buildpack-platform-2.5.4.jar (org.springframework.boot:spring-boot-buildpack-platform:2.5.4) with InstrumentationAnalysisTransform
Transforming spring-boot-buildpack-platform-2.5.4.jar (org.springframework.boot:spring-boot-buildpack-platform:2.5.4) with MergeInstrumentationAnalysisTransform
Transforming dependency-management-plugin-1.0.11.RELEASE.jar (io.spring.gradle:dependency-management-plugin:1.0.11.RELEASE) with ExternalDependencyInstrumentingArtifactTransform
Transforming protobuf-gradle-plugin-0.8.13.jar (gradle.plugin.com.google.protobuf:protobuf-gradle-plugin:0.8.13) with ExternalDependencyInstrumentingArtifactTransform
Transforming spring-boot-loader-tools-2.5.4.jar (org.springframework.boot:spring-boot-loader-tools:2.5.4) with InstrumentationAnalysisTransform
Transforming spring-boot-buildpack-platform-2.5.4.jar (org.springframework.boot:spring-boot-buildpack-platform:2.5.4) with ExternalDependencyInstrumentingArtifactTransform
Transforming spring-boot-loader-tools-2.5.4.jar (org.springframework.boot:spring-boot-loader-tools:2.5.4) with MergeInstrumentationAnalysisTransform
Transforming commons-compress-1.20.jar (org.apache.commons:commons-compress:1.20) with InstrumentationAnalysisTransform
Transforming commons-compress-1.20.jar (org.apache.commons:commons-compress:1.20) with MergeInstrumentationAnalysisTransform
Transforming spring-boot-loader-tools-2.5.4.jar (org.springframework.boot:spring-boot-loader-tools:2.5.4) with ExternalDependencyInstrumentingArtifactTransform
Transforming spring-core-5.3.9.jar (org.springframework:spring-core:5.3.9) with InstrumentationAnalysisTransform
Transforming spring-core-5.3.9.jar (org.springframework:spring-core:5.3.9) with MergeInstrumentationAnalysisTransform
Transforming commons-compress-1.20.jar (org.apache.commons:commons-compress:1.20) with ExternalDependencyInstrumentingArtifactTransform
Transforming guava-27.0.1-jre.jar (com.google.guava:guava:27.0.1-jre) with InstrumentationAnalysisTransform
Transforming guava-27.0.1-jre.jar (com.google.guava:guava:27.0.1-jre) with MergeInstrumentationAnalysisTransform
Transforming osdetector-gradle-plugin-1.6.2.jar (com.google.gradle:osdetector-gradle-plugin:1.6.2) with InstrumentationAnalysisTransform
Transforming spring-core-5.3.9.jar (org.springframework:spring-core:5.3.9) with ExternalDependencyInstrumentingArtifactTransform
Transforming osdetector-gradle-plugin-1.6.2.jar (com.google.gradle:osdetector-gradle-plugin:1.6.2) with MergeInstrumentationAnalysisTransform
Transforming guava-27.0.1-jre.jar (com.google.guava:guava:27.0.1-jre) with ExternalDependencyInstrumentingArtifactTransform
Transforming commons-lang-2.6.jar (commons-lang:commons-lang:2.6) with InstrumentationAnalysisTransform
Transforming commons-lang-2.6.jar (commons-lang:commons-lang:2.6) with MergeInstrumentationAnalysisTransform
Transforming osdetector-gradle-plugin-1.6.2.jar (com.google.gradle:osdetector-gradle-plugin:1.6.2) with ExternalDependencyInstrumentingArtifactTransform
Transforming jackson-annotations-2.12.4.jar (com.fasterxml.jackson.core:jackson-annotations:2.12.4) with InstrumentationAnalysisTransform
Transforming commons-lang-2.6.jar (commons-lang:commons-lang:2.6) with ExternalDependencyInstrumentingArtifactTransform
Transforming jackson-annotations-2.12.4.jar (com.fasterxml.jackson.core:jackson-annotations:2.12.4) with MergeInstrumentationAnalysisTransform
Transforming jackson-core-2.12.4.jar (com.fasterxml.jackson.core:jackson-core:2.12.4) with InstrumentationAnalysisTransform
Transforming jackson-core-2.12.4.jar (com.fasterxml.jackson.core:jackson-core:2.12.4) with MergeInstrumentationAnalysisTransform
Transforming jackson-annotations-2.12.4.jar (com.fasterxml.jackson.core:jackson-annotations:2.12.4) with ExternalDependencyInstrumentingArtifactTransform
Transforming jackson-module-parameter-names-2.12.4.jar (com.fasterxml.jackson.module:jackson-module-parameter-names:2.12.4) with InstrumentationAnalysisTransform
Transforming jackson-core-2.12.4.jar (com.fasterxml.jackson.core:jackson-core:2.12.4) with ExternalDependencyInstrumentingArtifactTransform
Transforming jackson-module-parameter-names-2.12.4.jar (com.fasterxml.jackson.module:jackson-module-parameter-names:2.12.4) with MergeInstrumentationAnalysisTransform
Transforming jackson-databind-2.12.4.jar (com.fasterxml.jackson.core:jackson-databind:2.12.4) with InstrumentationAnalysisTransform
Transforming jackson-databind-2.12.4.jar (com.fasterxml.jackson.core:jackson-databind:2.12.4) with MergeInstrumentationAnalysisTransform
Transforming jackson-module-parameter-names-2.12.4.jar (com.fasterxml.jackson.module:jackson-module-parameter-names:2.12.4) with ExternalDependencyInstrumentingArtifactTransform
Transforming jna-platform-5.7.0.jar (net.java.dev.jna:jna-platform:5.7.0) with InstrumentationAnalysisTransform
Transforming jna-platform-5.7.0.jar (net.java.dev.jna:jna-platform:5.7.0) with MergeInstrumentationAnalysisTransform
Transforming jackson-databind-2.12.4.jar (com.fasterxml.jackson.core:jackson-databind:2.12.4) with ExternalDependencyInstrumentingArtifactTransform
Transforming httpclient-4.5.13.jar (org.apache.httpcomponents:httpclient:4.5.13) with InstrumentationAnalysisTransform
Transforming httpclient-4.5.13.jar (org.apache.httpcomponents:httpclient:4.5.13) with MergeInstrumentationAnalysisTransform
Transforming tomlj-1.0.0.jar (org.tomlj:tomlj:1.0.0) with InstrumentationAnalysisTransform
Transforming tomlj-1.0.0.jar (org.tomlj:tomlj:1.0.0) with MergeInstrumentationAnalysisTransform
Transforming spring-jcl-5.3.9.jar (org.springframework:spring-jcl:5.3.9) with InstrumentationAnalysisTransform
Transforming spring-jcl-5.3.9.jar (org.springframework:spring-jcl:5.3.9) with MergeInstrumentationAnalysisTransform
Transforming failureaccess-1.0.1.jar (com.google.guava:failureaccess:1.0.1) with InstrumentationAnalysisTransform
Transforming jna-platform-5.7.0.jar (net.java.dev.jna:jna-platform:5.7.0) with ExternalDependencyInstrumentingArtifactTransform
Transforming tomlj-1.0.0.jar (org.tomlj:tomlj:1.0.0) with ExternalDependencyInstrumentingArtifactTransform
Transforming failureaccess-1.0.1.jar (com.google.guava:failureaccess:1.0.1) with MergeInstrumentationAnalysisTransform
Transforming httpclient-4.5.13.jar (org.apache.httpcomponents:httpclient:4.5.13) with ExternalDependencyInstrumentingArtifactTransform
Transforming listenablefuture-9999.0-empty-to-avoid-conflict-with-guava.jar (com.google.guava:listenablefuture:9999.0-empty-to-avoid-conflict-with-guava) with InstrumentationAnalysisTransform
Transforming spring-jcl-5.3.9.jar (org.springframework:spring-jcl:5.3.9) with ExternalDependencyInstrumentingArtifactTransform
Transforming failureaccess-1.0.1.jar (com.google.guava:failureaccess:1.0.1) with ExternalDependencyInstrumentingArtifactTransform
Transforming listenablefuture-9999.0-empty-to-avoid-conflict-with-guava.jar (com.google.guava:listenablefuture:9999.0-empty-to-avoid-conflict-with-guava) with MergeInstrumentationAnalysisTransform
Transforming os-maven-plugin-1.6.2.jar (kr.motd.maven:os-maven-plugin:1.6.2) with InstrumentationAnalysisTransform
Transforming os-maven-plugin-1.6.2.jar (kr.motd.maven:os-maven-plugin:1.6.2) with MergeInstrumentationAnalysisTransform
Transforming jsr305-3.0.2.jar (com.google.code.findbugs:jsr305:3.0.2) with InstrumentationAnalysisTransform
Transforming listenablefuture-9999.0-empty-to-avoid-conflict-with-guava.jar (com.google.guava:listenablefuture:9999.0-empty-to-avoid-conflict-with-guava) with ExternalDependencyInstrumentingArtifactTransform
Transforming jsr305-3.0.2.jar (com.google.code.findbugs:jsr305:3.0.2) with MergeInstrumentationAnalysisTransform
Transforming os-maven-plugin-1.6.2.jar (kr.motd.maven:os-maven-plugin:1.6.2) with ExternalDependencyInstrumentingArtifactTransform
Transforming checker-qual-2.5.2.jar (org.checkerframework:checker-qual:2.5.2) with InstrumentationAnalysisTransform
Transforming jsr305-3.0.2.jar (com.google.code.findbugs:jsr305:3.0.2) with ExternalDependencyInstrumentingArtifactTransform
Transforming checker-qual-2.5.2.jar (org.checkerframework:checker-qual:2.5.2) with MergeInstrumentationAnalysisTransform
Transforming error_prone_annotations-2.2.0.jar (com.google.errorprone:error_prone_annotations:2.2.0) with InstrumentationAnalysisTransform
Transforming checker-qual-2.5.2.jar (org.checkerframework:checker-qual:2.5.2) with ExternalDependencyInstrumentingArtifactTransform
Transforming error_prone_annotations-2.2.0.jar (com.google.errorprone:error_prone_annotations:2.2.0) with MergeInstrumentationAnalysisTransform
Transforming j2objc-annotations-1.1.jar (com.google.j2objc:j2objc-annotations:1.1) with InstrumentationAnalysisTransform
Transforming error_prone_annotations-2.2.0.jar (com.google.errorprone:error_prone_annotations:2.2.0) with ExternalDependencyInstrumentingArtifactTransform
Transforming j2objc-annotations-1.1.jar (com.google.j2objc:j2objc-annotations:1.1) with MergeInstrumentationAnalysisTransform
Transforming animal-sniffer-annotations-1.17.jar (org.codehaus.mojo:animal-sniffer-annotations:1.17) with InstrumentationAnalysisTransform
Transforming j2objc-annotations-1.1.jar (com.google.j2objc:j2objc-annotations:1.1) with ExternalDependencyInstrumentingArtifactTransform
Transforming animal-sniffer-annotations-1.17.jar (org.codehaus.mojo:animal-sniffer-annotations:1.17) with MergeInstrumentationAnalysisTransform
Transforming jna-5.7.0.jar (net.java.dev.jna:jna:5.7.0) with InstrumentationAnalysisTransform
Transforming jna-5.7.0.jar (net.java.dev.jna:jna:5.7.0) with MergeInstrumentationAnalysisTransform
Transforming httpcore-4.4.13.jar (org.apache.httpcomponents:httpcore:4.4.13) with InstrumentationAnalysisTransform
Transforming httpcore-4.4.13.jar (org.apache.httpcomponents:httpcore:4.4.13) with MergeInstrumentationAnalysisTransform
Transforming animal-sniffer-annotations-1.17.jar (org.codehaus.mojo:animal-sniffer-annotations:1.17) with ExternalDependencyInstrumentingArtifactTransform
Transforming commons-logging-1.2.jar (commons-logging:commons-logging:1.2) with InstrumentationAnalysisTransform
Transforming httpcore-4.4.13.jar (org.apache.httpcomponents:httpcore:4.4.13) with ExternalDependencyInstrumentingArtifactTransform
Transforming jna-5.7.0.jar (net.java.dev.jna:jna:5.7.0) with ExternalDependencyInstrumentingArtifactTransform
Transforming commons-logging-1.2.jar (commons-logging:commons-logging:1.2) with MergeInstrumentationAnalysisTransform
Transforming commons-codec-1.11.jar (commons-codec:commons-codec:1.11) with InstrumentationAnalysisTransform
Transforming commons-codec-1.11.jar (commons-codec:commons-codec:1.11) with MergeInstrumentationAnalysisTransform
Transforming antlr4-runtime-4.7.2.jar (org.antlr:antlr4-runtime:4.7.2) with InstrumentationAnalysisTransform
Transforming commons-logging-1.2.jar (commons-logging:commons-logging:1.2) with ExternalDependencyInstrumentingArtifactTransform
Transforming antlr4-runtime-4.7.2.jar (org.antlr:antlr4-runtime:4.7.2) with MergeInstrumentationAnalysisTransform
Transforming commons-codec-1.11.jar (commons-codec:commons-codec:1.11) with ExternalDependencyInstrumentingArtifactTransform
Transforming antlr4-runtime-4.7.2.jar (org.antlr:antlr4-runtime:4.7.2) with ExternalDependencyInstrumentingArtifactTransform
The org.gradle.api.plugins.Convention type has been deprecated. This is scheduled to be removed in Gradle 9.0. Consult the upgrading guide for further information: https://docs.gradle.org/8.9/userguide/upgrading_version_8.html#deprecated_access_to_conventions
The org.gradle.api.plugins.JavaPluginConvention type has been deprecated. This is scheduled to be removed in Gradle 9.0. Consult the upgrading guide for further information: https://docs.gradle.org/8.9/userguide/upgrading_version_8.html#java_convention_deprecation
Applying dependency management to configuration 'annotationProcessor' in project 'SafeSide'
Applying dependency management to configuration 'apiElements' in project 'SafeSide'
Applying dependency management to configuration 'archives' in project 'SafeSide'
Applying dependency management to configuration 'bootArchives' in project 'SafeSide'
Applying dependency management to configuration 'compileClasspath' in project 'SafeSide'
Applying dependency management to configuration 'compileOnly' in project 'SafeSide'
Applying dependency management to configuration 'default' in project 'SafeSide'
Applying dependency management to configuration 'developmentOnly' in project 'SafeSide'
Applying dependency management to configuration 'implementation' in project 'SafeSide'
Applying dependency management to configuration 'mainSourceElements' in project 'SafeSide'
Applying dependency management to configuration 'productionRuntimeClasspath' in project 'SafeSide'
Applying dependency management to configuration 'runtimeClasspath' in project 'SafeSide'
Applying dependency management to configuration 'runtimeElements' in project 'SafeSide'
Applying dependency management to configuration 'runtimeOnly' in project 'SafeSide'
Applying dependency management to configuration 'testAnnotationProcessor' in project 'SafeSide'
Applying dependency management to configuration 'testCompileClasspath' in project 'SafeSide'
Applying dependency management to configuration 'testCompileOnly' in project 'SafeSide'
Applying dependency management to configuration 'testImplementation' in project 'SafeSide'
Applying dependency management to configuration 'testResultsElementsForTest' in project 'SafeSide'
Applying dependency management to configuration 'testRuntimeClasspath' in project 'SafeSide'
Applying dependency management to configuration 'testRuntimeOnly' in project 'SafeSide'
Applying dependency management to configuration 'protobuf' in project 'SafeSide'
Applying dependency management to configuration 'compileProtoPath' in project 'SafeSide'
Applying dependency management to configuration 'testProtobuf' in project 'SafeSide'
Applying dependency management to configuration 'testCompileProtoPath' in project 'SafeSide'
Build file 'C:\Users\sreec\SafeSide\build.gradle': line 10
The org.gradle.api.plugins.JavaPluginConvention type has been deprecated. This is scheduled to be removed in Gradle 9.0. Consult the upgrading guide for further information: https://docs.gradle.org/8.9/userguide/upgrading_version_8.html#java_convention_deprecation
	at build_aecsxi9q2wji51qfvnst41bi5.run(C:\Users\sreec\SafeSide\build.gradle:10)
	(Run with --stacktrace to get the full stack trace of this deprecation warning.)
The org.gradle.util.ConfigureUtil type has been deprecated. This is scheduled to be removed in Gradle 9.0. Consult the upgrading guide for further information: https://docs.gradle.org/8.9/userguide/upgrading_version_8.html#org_gradle_util_reports_deprecations
	at build_aecsxi9q2wji51qfvnst41bi5.run(C:\Users\sreec\SafeSide\build.gradle:27)
	(Run with --stacktrace to get the full stack trace of this deprecation warning.)
The org.gradle.util.ConfigureUtil type has been deprecated. This is scheduled to be removed in Gradle 9.0. Consult the upgrading guide for further information: https://docs.gradle.org/8.9/userguide/upgrading_version_8.html#org_gradle_util_reports_deprecations
	at build_aecsxi9q2wji51qfvnst41bi5$_run_closure3.doCall$original(C:\Users\sreec\SafeSide\build.gradle:28)
	(Run with --stacktrace to get the full stack trace of this deprecation warning.)
	at build_aecsxi9q2wji51qfvnst41bi5.run(C:\Users\sreec\SafeSide\build.gradle:27)
	(Run with --stacktrace to get the full stack trace of this deprecation warning.)
The org.gradle.util.ConfigureUtil type has been deprecated. This is scheduled to be removed in Gradle 9.0. Consult the upgrading guide for further information: https://docs.gradle.org/8.9/userguide/upgrading_version_8.html#org_gradle_util_reports_deprecations
	at build_aecsxi9q2wji51qfvnst41bi5$_run_closure3.doCall$original(C:\Users\sreec\SafeSide\build.gradle:31)
	(Run with --stacktrace to get the full stack trace of this deprecation warning.)
	at build_aecsxi9q2wji51qfvnst41bi5.run(C:\Users\sreec\SafeSide\build.gradle:27)
	(Run with --stacktrace to get the full stack trace of this deprecation warning.)
Build file 'C:\Users\sreec\SafeSide\build.gradle': line 38
The org.gradle.util.ConfigureUtil type has been deprecated. This is scheduled to be removed in Gradle 9.0. Consult the upgrading guide for further information: https://docs.gradle.org/8.9/userguide/upgrading_version_8.html#org_gradle_util_reports_deprecations
	at build_aecsxi9q2wji51qfvnst41bi5$_run_closure3$_closure8$_closure10.doCall$original(C:\Users\sreec\SafeSide\build.gradle:38)
	(Run with --stacktrace to get the full stack trace of this deprecation warning.)
	at build_aecsxi9q2wji51qfvnst41bi5$_run_closure3$_closure8.doCall$original(C:\Users\sreec\SafeSide\build.gradle:37)
	(Run with --stacktrace to get the full stack trace of this deprecation warning.)
Applying dependency management to configuration 'protobufToolsLocator_protoc' in project 'SafeSide'
------------------------------------------------------------------------
Detecting the operating system and CPU architecture
------------------------------------------------------------------------
os.detected.name=windows
os.detected.arch=x86_64
os.detected.version=10.0
os.detected.version.major=10
os.detected.version.minor=0
os.detected.classifier=windows-x86_64
The Configuration.fileCollection(Dependency...) method has been deprecated. This is scheduled to be removed in Gradle 9.0. Use Configuration.getIncoming().artifactView(Action) with a componentFilter instead. Consult the upgrading guide for further information: https://docs.gradle.org/8.9/userguide/upgrading_version_8.html#deprecate_filtered_configuration_file_and_filecollection_methods
Applying dependency management to configuration 'protobufToolsLocator_grpc' in project 'SafeSide'
All projects evaluated.
Task name matched 'build'
Selected primary task 'build' from project :
Tasks to be executed: [task ':extractIncludeProto', task ':extractProto', task ':generateProto', task ':compileJava', task ':processResources', task ':classes', task ':jar', task ':assemble', task ':extractIncludeTestProto', task ':extractTestProto', task ':generateTestProto', task ':compileTestJava', task ':processTestResources', task ':testClasses', task ':test', task ':check', task ':build']
Tasks that were excluded: []
Resolve mutations for :extractIncludeProto (Thread[#4154,Execution worker,5,main]) started.
:extractIncludeProto (Thread[#4154,Execution worker,5,main]) started.

> Task :extractIncludeProto UP-TO-DATE
Resolving global dependency management for project 'SafeSide'
The GradleVersion.getNextMajor() method has been deprecated. This is scheduled to be removed in Gradle 9.0. Consult the upgrading guide for further information: https://docs.gradle.org/8.9/userguide/upgrading_version_7.html#org_gradle_util_reports_deprecations
The LenientConfiguration.getArtifacts(Spec) method has been deprecated. This is scheduled to be removed in Gradle 9.0. Use a lenient ArtifactView with a componentFilter instead. Consult the upgrading guide for further information: https://docs.gradle.org/8.9/userguide/upgrading_version_8.html#deprecate_filtered_configuration_file_and_filecollection_methods
Excluding []
Excluding []
Caching disabled for task ':extractIncludeProto' because:
  Build cache is disabled
  Caching has not been enabled for the task
Skipping task ':extractIncludeProto' as it is up-to-date.
Resolve mutations for :extractProto (Thread[#4154,Execution worker,5,main]) started.
:extractProto (Thread[#4158,Execution worker Thread 5,5,main]) started.

> Task :extractProto UP-TO-DATE
Excluding []
Caching disabled for task ':extractProto' because:
  Build cache is disabled
  Caching has not been enabled for the task
Skipping task ':extractProto' as it is up-to-date.
Resolve mutations for :generateProto (Thread[#4158,Execution worker Thread 5,5,main]) started.
:generateProto (Thread[#4158,Execution worker Thread 5,5,main]) started.

> Task :generateProto NO-SOURCE
Skipping task ':generateProto' as it has no source files and no previous output files.
Resolve mutations for :compileJava (Thread[#4158,Execution worker Thread 5,5,main]) started.
:compileJava (Thread[#4158,Execution worker Thread 5,5,main]) started.

> Task :compileJava FAILED
Excluding []
Caching disabled for task ':compileJava' because:
  Build cache is disabled
Task ':compileJava' is not up-to-date because:
  Task has failed previously.
The input changes require a full rebuild for incremental task ':compileJava'.
Compilation mode: in-process compilation
Full recompilation is required because no incremental change information is available. This is usually caused by clean builds or changing compiler arguments.
Compiling with toolchain 'C:\Program Files\Java\jdk-20'.
file or directory 'C:\Users\sreec\SafeSide\build\generated\source\proto\main\java', not found
file or directory 'C:\Users\sreec\SafeSide\build\generated\source\proto\main\grpc', not found
file or directory 'C:\Users\sreec\SafeSide\build\generated\source\proto\main\java', not found
file or directory 'C:\Users\sreec\SafeSide\build\generated\source\proto\main\grpc', not found
Compiling with JDK Java compiler API.
3 actionable tasks: 1 executed, 2 up-to-date
Watched directory hierarchies: [C:\Users\sreec\SafeSide]
